node.exe : ??Warning:
 Next.js inferred you
r workspace root, but
 it may not be correc
t.
위치 줄:1 문자:1
+ & "C:\Program Files
\nodejs/node.exe" "C:
\Program Files\nodejs
/node_mo ...
+ ~~~~~~~~~~~~~~~~~~~
~~~~~~~~~~~~~~~~~~~~~
~~~~~~~~~~~~~~~~~~~~~
~~~~~~~~
    + CategoryInfo   
           : NotSpe  
  cified: (??Warni   
 ng: Next...not b    
e correct.:Strin    g
) [], RemoteExc    ep
tion
    + FullyQualified 
   ErrorId : Native  
  CommandError
 
 We detected multiple
 lockfiles and select
ed the directory of C
:\Users\jihyun sim\De
sktop\package-lock.js
on as the root direct
ory.
 To silence this warn
ing, set `turbopack.r
oot` in your Next.js 
config, or consider r
emoving one of the lo
ckfiles if it's not n
eeded.
   See https://nextjs
.org/docs/app/api-ref
erence/config/next-co
nfig-js/turbopack#roo
t-directory for more 
information.
 Detected additional 
lockfiles: 
   * C:\Users\jihyun 
sim\Desktop\student-a
ttend\package-lock.js
on

??Next.js 16.1.1 (Turbopack)

  Creating an optimized production build ...
Error: Cannot apply u
nknown utility class 
`bg-sky-50`. Are you 
using CSS modules or 
similar and missing `
@reference`? https://
tailwindcss.com/docs/
functions-and-directi
ves#reference-directi
ve
    [2m[at onInvalid
Candidate (C:\Users\j
ihyun sim\Desktop\stu
dent-attend\node_modu
les\tailwindcss\dist\
lib.js:21:1314)][0m
    [2m[at Te (C:\Us
ers\jihyun sim\Deskto
p\student-attend\node
_modules\tailwindcss\
dist\lib.js:16:36652)
][0m
    [2m[at C:\Users\
jihyun sim\Desktop\st
udent-attend\node_mod
ules\tailwindcss\dist
\lib.js:21:355][0m
    [2m[at Rr (C:\Us
ers\jihyun sim\Deskto
p\student-attend\node
_modules\tailwindcss\
dist\lib.js:3:1718)]
[0m
    [2m[at _ (C:\Use
rs\jihyun sim\Desktop
\student-attend\node_
modules\tailwindcss\d
ist\lib.js:3:1377)][
0m
    [2m[at $e (C:\Us
ers\jihyun sim\Deskto
p\student-attend\node
_modules\tailwindcss\
dist\lib.js:21:172)]
[0m
    [2m[at un (C:\Us
ers\jihyun sim\Deskto
p\student-attend\node
_modules\tailwindcss\
dist\lib.js:38:294)]
[0m
    [2m[at process.p
rocessTicksAndRejecti
ons (node:internal/pr
ocess/task_queues:105
:5)][0m
    [2m[at async cn 
(C:\Users\jihyun sim\
Desktop\student-atten
d\node_modules\tailwi
ndcss\dist\lib.js:38:
631)][0m
    [2m[at async Xr 
(C:\Users\jihyun sim\
Desktop\student-atten
d\node_modules\@tailw
indcss\node\dist\inde
x.js:10:3417)][0m

> Build error occurre
d
Error: Turbopack buil
d failed with 1 error
s:
./student-attend/src/
app/globals.css
Error evaluating Node
.js code
CssSyntaxError: tailw
indcss: C:\Users\jihy
un sim\Desktop\studen
t-attend\src\app\glob
als.css:1:1: Cannot a
pply unknown utility 
class `bg-sky-50`. Ar
e you using CSS modul
es or similar and mis
sing `@reference`? ht
tps://tailwindcss.com
/docs/functions-and-d
irectives#reference-d
irective
    at Input.error (s
tudent-attend/node_mo
dules/postcss/lib/inp
ut.js:135:16) [C:\Use
rs\jihyun sim\Desktop
\student-attend\.next
\build\chunks\837df_b
698f71f._.js:4651:22]
    at Root.error (st
udent-attend/node_mod
ules/postcss/lib/node
.js:146:32) [C:\Users
\jihyun sim\Desktop\s
tudent-attend\.next\b
uild\chunks\837df_b69
8f71f._.js:928:38]
    [at Object.Once (
C:\Users\jihyun sim\D
esktop\student-attend
\node_modules\@tailwi
ndcss\postcss\dist\in
dex.js:10:6911)]
    [at process.proce
ssTicksAndRejections 
(node:internal/proces
s/task_queues:105:5)]
    at async LazyResu
lt.runAsync (student-
attend/node_modules/p
ostcss/lib/lazy-resul
t.js:293:11) [C:\User
s\jihyun sim\Desktop\
student-attend\.next\
build\chunks\837df_b6
98f71f._.js:6206:21]
    at async transfor
m (turbopack:///[turb
opack-node]/transform
s/postcss.ts:70:34) [
C:\Users\jihyun sim\D
esktop\student-attend
\.next\build\chunks\[
root-of-the-server]__
2b9e92bc._.js:146:36]
    at async run (tur
bopack:///[turbopack-
node]/ipc/evaluate.ts
:92:23) [C:\Users\jih
yun sim\Desktop\stude
nt-attend\.next\build
\chunks\[root-of-the-
server]__3a129bee._.j
s:443:31]

Import trace:
  Client Component Br
owser:
    ./student-attend/
src/app/globals.css [
Client Component Brow
ser]
    ./student-attend/
src/app/layout.tsx [S
erver Component]


    at async transfor
m (turbopack:///[turb
opack-node]/transform
s/postcss.ts:70:34) [
C:\Users\jihyun sim\D
esktop\student-attend
\.next\build\chunks\[
root-of-the-server]__
2b9e92bc._.js:146:36]
)
    at async run (tur
bopack:///[turbopack-
node]/ipc/evaluate.ts
:92:23) [C:\Users\jih
yun sim\Desktop\stude
nt-attend\.next\build
\chunks\[root-of-the-
server]__3a129bee._.j
s:443:31])
